16:29:04 **** Incremental Build of configuration Debug for project 11-SPI_ADXL345_LCD ****
make -j8 all 
arm-none-eabi-size   11-SPI_ADXL345_LCD.elf 
   text	   data	    bss	    dec	    hex	filename
  17536	    116	   2108	  19760	   4d30	11-SPI_ADXL345_LCD.elf
Finished building: default.size.stdout
 
16:29:08 **** Incremental Build of configuration Debug for project 11-SPI_ADXL345_LCD ****
make -j8 all 
arm-none-eabi-size   11-SPI_ADXL345_LCD.elf 
   text	   data	    bss	    dec	    hex	filename
  17536	    116	   2108	  19760	   4d30	11-SPI_ADXL345_LCD.elf
Finished building: default.size.stdout
 
