23:21:52 **** Incremental Build of configuration Debug for project 10-I2C_STM32_Arduino ****
make -j8 all 
arm-none-eabi-size   10-I2C_STM32_Arduino.elf 
   text	   data	    bss	    dec	    hex	filename
   8508	     20	   1652	  10180	   27c4	10-I2C_STM32_Arduino.elf
Finished building: default.size.stdout
 
23:22:02 **** Incremental Build of configuration Debug for project 10-I2C_STM32_Arduino ****
make -j8 all 
arm-none-eabi-size   10-I2C_STM32_Arduino.elf 
   text	   data	    bss	    dec	    hex	filename
   8508	     20	   1652	  10180	   27c4	10-I2C_STM32_Arduino.elf
Finished building: default.size.stdout
 
