23:42:07 **** Build of configuration Debug for project 2-GPIO_Button_Input ****
make -j8 all 
arm-none-eabi-gcc "../Src/main.c" -mcpu=cortex-m4 -std=gnu11 -g3 -DDEBUG -DSTM32F401xC -DSTM32F401xE -DNUCLEO_F401RE -DSTM32 -DSTM32F401RETx -DSTM32F4 -c -I"C:/Users/ravindra/Desktop/GitHub Repo_embedded/Development Boards/STM32/STM32_Practice/Register_level_programming/2-GPIO_Button_Input/Drivers/CMSIS/Include" -I"C:/Users/ravindra/Desktop/GitHub Repo_embedded/Development Boards/STM32/STM32_Practice/Register_level_programming/2-GPIO_Button_Input/Drivers/LL_Drivers/Inc" -I"C:/Users/ravindra/Desktop/GitHub Repo_embedded/Development Boards/STM32/STM32_Practice/Register_level_programming/2-GPIO_Button_Input/Inc" -I"C:/Users/ravindra/Desktop/GitHub Repo_embedded/Development Boards/STM32/STM32_Practice/Register_level_programming/2-GPIO_Button_Input/Drivers/CMSIS/Device/ST/STM32F4xx/Include" -I../Inc -O0 -ffunction-sections -fdata-sections -Wall -fstack-usage -fcyclomatic-complexity -MMD -MP -MF"Src/main.d" -MT"Src/main.o" --specs=nano.specs -mfloat-abi=soft -mthumb -o "Src/main.o"
arm-none-eabi-gcc "../Src/syscalls.c" -mcpu=cortex-m4 -std=gnu11 -g3 -DDEBUG -DSTM32F401xC -DSTM32F401xE -DNUCLEO_F401RE -DSTM32 -DSTM32F401RETx -DSTM32F4 -c -I"C:/Users/ravindra/Desktop/GitHub Repo_embedded/Development Boards/STM32/STM32_Practice/Register_level_programming/2-GPIO_Button_Input/Drivers/CMSIS/Include" -I"C:/Users/ravindra/Desktop/GitHub Repo_embedded/Development Boards/STM32/STM32_Practice/Register_level_programming/2-GPIO_Button_Input/Drivers/LL_Drivers/Inc" -I"C:/Users/ravindra/Desktop/GitHub Repo_embedded/Development Boards/STM32/STM32_Practice/Register_level_programming/2-GPIO_Button_Input/Inc" -I"C:/Users/ravindra/Desktop/GitHub Repo_embedded/Development Boards/STM32/STM32_Practice/Register_level_programming/2-GPIO_Button_Input/Drivers/CMSIS/Device/ST/STM32F4xx/Include" -I../Inc -O0 -ffunction-sections -fdata-sections -Wall -fstack-usage -fcyclomatic-complexity -MMD -MP -MF"Src/syscalls.d" -MT"Src/syscalls.o" --specs=nano.specs -mfloat-abi=soft -mthumb -o "Src/syscalls.o"
arm-none-eabi-gcc "../Src/sysmem.c" -mcpu=cortex-m4 -std=gnu11 -g3 -DDEBUG -DSTM32F401xC -DSTM32F401xE -DNUCLEO_F401RE -DSTM32 -DSTM32F401RETx -DSTM32F4 -c -I"C:/Users/ravindra/Desktop/GitHub Repo_embedded/Development Boards/STM32/STM32_Practice/Register_level_programming/2-GPIO_Button_Input/Drivers/CMSIS/Include" -I"C:/Users/ravindra/Desktop/GitHub Repo_embedded/Development Boards/STM32/STM32_Practice/Register_level_programming/2-GPIO_Button_Input/Drivers/LL_Drivers/Inc" -I"C:/Users/ravindra/Desktop/GitHub Repo_embedded/Development Boards/STM32/STM32_Practice/Register_level_programming/2-GPIO_Button_Input/Inc" -I"C:/Users/ravindra/Desktop/GitHub Repo_embedded/Development Boards/STM32/STM32_Practice/Register_level_programming/2-GPIO_Button_Input/Drivers/CMSIS/Device/ST/STM32F4xx/Include" -I../Inc -O0 -ffunction-sections -fdata-sections -Wall -fstack-usage -fcyclomatic-complexity -MMD -MP -MF"Src/sysmem.d" -MT"Src/sysmem.o" --specs=nano.specs -mfloat-abi=soft -mthumb -o "Src/sysmem.o"
arm-none-eabi-gcc -o "2-GPIO_Button_Input.elf" @"objects.list"   -mcpu=cortex-m4 -T"C:\Users\ravindra\Desktop\GitHub Repo_embedded\Development Boards\STM32\STM32_Practice\Register_level_programming\2-GPIO_Button_Input\STM32F401RETX_FLASH.ld" --specs=nosys.specs -Wl,-Map="2-GPIO_Button_Input.map" -Wl,--gc-sections -static --specs=nano.specs -mfloat-abi=soft -mthumb -Wl,--start-group -lc -lm -Wl,--end-group
Finished building target: 2-GPIO_Button_Input.elf
 
arm-none-eabi-size   2-GPIO_Button_Input.elf 
arm-none-eabi-objdump -h -S  2-GPIO_Button_Input.elf  > "2-GPIO_Button_Input.list"
Finished building: 2-GPIO_Button_Input.list
 
   text	   data	    bss	    dec	    hex	filename
    808	      8	   1568	   2384	    950	2-GPIO_Button_Input.elf
Finished building: default.size.stdout
 

23:42:13 Build Finished. 0 errors, 0 warnings. (took 6s.521ms)

