20:11:16 **** Build of configuration Debug for project 1-LED_blink ****
make -j8 all 
arm-none-eabi-gcc -mcpu=cortex-m4 -g3 -DDEBUG -c -x assembler-with-cpp -MMD -MP -MF"Startup/startup_stm32f401retx.d" -MT"Startup/startup_stm32f401retx.o" --specs=nano.specs -mfloat-abi=soft -mthumb -o "Startup/startup_stm32f401retx.o" "../Startup/startup_stm32f401retx.s"
arm-none-eabi-gcc "../Src/main.c" -mcpu=cortex-m4 -std=gnu11 -g3 -DDEBUG -DSTM32F401xC -DSTM32F401xE -DNUCLEO_F401RE -DSTM32 -DSTM32F401RETx -DSTM32F4 -c -I"C:/Users/ravindra/Desktop/GitHub Repo_embedded/Development Boards/STM32/STM32_Practice/Register_level_programming/1-LED_blink/Drivers/CMSIS/Include" -I"C:/Users/ravindra/Desktop/GitHub Repo_embedded/Development Boards/STM32/STM32_Practice/Register_level_programming/1-LED_blink/Drivers/CMSIS/Device/ST/STM32F4xx/Include" -I../Inc -I"C:/Users/ravindra/Desktop/GitHub Repo_embedded/Development Boards/STM32/STM32_Practice/Register_level_programming/1-LED_blink/Inc" -O0 -ffunction-sections -fdata-sections -Wall -fstack-usage -fcyclomatic-complexity -MMD -MP -MF"Src/main.d" -MT"Src/main.o" --specs=nano.specs -mfloat-abi=soft -mthumb -o "Src/main.o"
arm-none-eabi-gcc "../Src/syscalls.c" -mcpu=cortex-m4 -std=gnu11 -g3 -DDEBUG -DSTM32F401xC -DSTM32F401xE -DNUCLEO_F401RE -DSTM32 -DSTM32F401RETx -DSTM32F4 -c -I"C:/Users/ravindra/Desktop/GitHub Repo_embedded/Development Boards/STM32/STM32_Practice/Register_level_programming/1-LED_blink/Drivers/CMSIS/Include" -I"C:/Users/ravindra/Desktop/GitHub Repo_embedded/Development Boards/STM32/STM32_Practice/Register_level_programming/1-LED_blink/Drivers/CMSIS/Device/ST/STM32F4xx/Include" -I../Inc -I"C:/Users/ravindra/Desktop/GitHub Repo_embedded/Development Boards/STM32/STM32_Practice/Register_level_programming/1-LED_blink/Inc" -O0 -ffunction-sections -fdata-sections -Wall -fstack-usage -fcyclomatic-complexity -MMD -MP -MF"Src/syscalls.d" -MT"Src/syscalls.o" --specs=nano.specs -mfloat-abi=soft -mthumb -o "Src/syscalls.o"
arm-none-eabi-gcc "../Src/sysmem.c" -mcpu=cortex-m4 -std=gnu11 -g3 -DDEBUG -DSTM32F401xC -DSTM32F401xE -DNUCLEO_F401RE -DSTM32 -DSTM32F401RETx -DSTM32F4 -c -I"C:/Users/ravindra/Desktop/GitHub Repo_embedded/Development Boards/STM32/STM32_Practice/Register_level_programming/1-LED_blink/Drivers/CMSIS/Include" -I"C:/Users/ravindra/Desktop/GitHub Repo_embedded/Development Boards/STM32/STM32_Practice/Register_level_programming/1-LED_blink/Drivers/CMSIS/Device/ST/STM32F4xx/Include" -I../Inc -I"C:/Users/ravindra/Desktop/GitHub Repo_embedded/Development Boards/STM32/STM32_Practice/Register_level_programming/1-LED_blink/Inc" -O0 -ffunction-sections -fdata-sections -Wall -fstack-usage -fcyclomatic-complexity -MMD -MP -MF"Src/sysmem.d" -MT"Src/sysmem.o" --specs=nano.specs -mfloat-abi=soft -mthumb -o "Src/sysmem.o"
arm-none-eabi-gcc -o "1-LED_blink.elf" @"objects.list"   -mcpu=cortex-m4 -T"C:\Users\ravindra\Desktop\GitHub Repo_embedded\Development Boards\STM32\STM32_Practice\Register_level_programming\1-LED_blink\STM32F401RETX_FLASH.ld" --specs=nosys.specs -Wl,-Map="1-LED_blink.map" -Wl,--gc-sections -static --specs=nano.specs -mfloat-abi=soft -mthumb -Wl,--start-group -lc -lm -Wl,--end-group
Finished building target: 1-LED_blink.elf
 
arm-none-eabi-size   1-LED_blink.elf 
arm-none-eabi-objdump -h -S  1-LED_blink.elf  > "1-LED_blink.list"
   text	   data	    bss	    dec	    hex	filename
    824	      8	   1568	   2400	    960	1-LED_blink.elf
Finished building: 1-LED_blink.list
Finished building: default.size.stdout
 
 

20:11:23 Build Finished. 0 errors, 0 warnings. (took 7s.24ms)

