14:10:38 **** Incremental Build of configuration Debug for project 4-GPIO_Input_Output_Library ****
make -j8 all 
arm-none-eabi-gcc "../Src/gpio_driver.c" -mcpu=cortex-m4 -std=gnu11 -g3 -DDEBUG -DSTM32F401xE -DSTM32F401xC -DNUCLEO_F401RE -DSTM32 -DSTM32F401RETx -DSTM32F4 -c -I../Inc -I"C:/Users/ravindra/Desktop/GitHub Repo_embedded/Development Boards/STM32/STM32_Practice/BareMetal_programming/4-GPIO_Input_Output_Library/Drivers/CMSIS/Include" -I"C:/Users/ravindra/Desktop/GitHub Repo_embedded/Development Boards/STM32/STM32_Practice/BareMetal_programming/4-GPIO_Input_Output_Library/Drivers/CMSIS/Device/ST/STM32F4xx/Include" -I"C:/Users/ravindra/Desktop/GitHub Repo_embedded/Development Boards/STM32/STM32_Practice/BareMetal_programming/4-GPIO_Input_Output_Library/Drivers/CMSIS/Core/Include" -I"C:/Users/ravindra/Desktop/GitHub Repo_embedded/Development Boards/STM32/STM32_Practice/BareMetal_programming/4-GPIO_Input_Output_Library/Inc" -O0 -ffunction-sections -fdata-sections -Wall -fstack-usage -fcyclomatic-complexity -MMD -MP -MF"Src/gpio_driver.d" -MT"Src/gpio_driver.o" --specs=nano.specs -mfpu=fpv4-sp-d16 -mfloat-abi=hard -mthumb -o "Src/gpio_driver.o"
arm-none-eabi-gcc "../Src/main.c" -mcpu=cortex-m4 -std=gnu11 -g3 -DDEBUG -DSTM32F401xE -DSTM32F401xC -DNUCLEO_F401RE -DSTM32 -DSTM32F401RETx -DSTM32F4 -c -I../Inc -I"C:/Users/ravindra/Desktop/GitHub Repo_embedded/Development Boards/STM32/STM32_Practice/BareMetal_programming/4-GPIO_Input_Output_Library/Drivers/CMSIS/Include" -I"C:/Users/ravindra/Desktop/GitHub Repo_embedded/Development Boards/STM32/STM32_Practice/BareMetal_programming/4-GPIO_Input_Output_Library/Drivers/CMSIS/Device/ST/STM32F4xx/Include" -I"C:/Users/ravindra/Desktop/GitHub Repo_embedded/Development Boards/STM32/STM32_Practice/BareMetal_programming/4-GPIO_Input_Output_Library/Drivers/CMSIS/Core/Include" -I"C:/Users/ravindra/Desktop/GitHub Repo_embedded/Development Boards/STM32/STM32_Practice/BareMetal_programming/4-GPIO_Input_Output_Library/Inc" -O0 -ffunction-sections -fdata-sections -Wall -fstack-usage -fcyclomatic-complexity -MMD -MP -MF"Src/main.d" -MT"Src/main.o" --specs=nano.specs -mfpu=fpv4-sp-d16 -mfloat-abi=hard -mthumb -o "Src/main.o"
arm-none-eabi-gcc "../Src/syscalls.c" -mcpu=cortex-m4 -std=gnu11 -g3 -DDEBUG -DSTM32F401xE -DSTM32F401xC -DNUCLEO_F401RE -DSTM32 -DSTM32F401RETx -DSTM32F4 -c -I../Inc -I"C:/Users/ravindra/Desktop/GitHub Repo_embedded/Development Boards/STM32/STM32_Practice/BareMetal_programming/4-GPIO_Input_Output_Library/Drivers/CMSIS/Include" -I"C:/Users/ravindra/Desktop/GitHub Repo_embedded/Development Boards/STM32/STM32_Practice/BareMetal_programming/4-GPIO_Input_Output_Library/Drivers/CMSIS/Device/ST/STM32F4xx/Include" -I"C:/Users/ravindra/Desktop/GitHub Repo_embedded/Development Boards/STM32/STM32_Practice/BareMetal_programming/4-GPIO_Input_Output_Library/Drivers/CMSIS/Core/Include" -I"C:/Users/ravindra/Desktop/GitHub Repo_embedded/Development Boards/STM32/STM32_Practice/BareMetal_programming/4-GPIO_Input_Output_Library/Inc" -O0 -ffunction-sections -fdata-sections -Wall -fstack-usage -fcyclomatic-complexity -MMD -MP -MF"Src/syscalls.d" -MT"Src/syscalls.o" --specs=nano.specs -mfpu=fpv4-sp-d16 -mfloat-abi=hard -mthumb -o "Src/syscalls.o"
arm-none-eabi-gcc "../Src/sysmem.c" -mcpu=cortex-m4 -std=gnu11 -g3 -DDEBUG -DSTM32F401xE -DSTM32F401xC -DNUCLEO_F401RE -DSTM32 -DSTM32F401RETx -DSTM32F4 -c -I../Inc -I"C:/Users/ravindra/Desktop/GitHub Repo_embedded/Development Boards/STM32/STM32_Practice/BareMetal_programming/4-GPIO_Input_Output_Library/Drivers/CMSIS/Include" -I"C:/Users/ravindra/Desktop/GitHub Repo_embedded/Development Boards/STM32/STM32_Practice/BareMetal_programming/4-GPIO_Input_Output_Library/Drivers/CMSIS/Device/ST/STM32F4xx/Include" -I"C:/Users/ravindra/Desktop/GitHub Repo_embedded/Development Boards/STM32/STM32_Practice/BareMetal_programming/4-GPIO_Input_Output_Library/Drivers/CMSIS/Core/Include" -I"C:/Users/ravindra/Desktop/GitHub Repo_embedded/Development Boards/STM32/STM32_Practice/BareMetal_programming/4-GPIO_Input_Output_Library/Inc" -O0 -ffunction-sections -fdata-sections -Wall -fstack-usage -fcyclomatic-complexity -MMD -MP -MF"Src/sysmem.d" -MT"Src/sysmem.o" --specs=nano.specs -mfpu=fpv4-sp-d16 -mfloat-abi=hard -mthumb -o "Src/sysmem.o"
arm-none-eabi-gcc -o "4-GPIO_Input_Output_Library.elf" @"objects.list"   -mcpu=cortex-m4 -T"C:\Users\ravindra\Desktop\GitHub Repo_embedded\Development Boards\STM32\STM32_Practice\BareMetal_programming\4-GPIO_Input_Output_Library\STM32F401RETX_FLASH.ld" --specs=nosys.specs -Wl,-Map="4-GPIO_Input_Output_Library.map" -Wl,--gc-sections -static --specs=nano.specs -mfpu=fpv4-sp-d16 -mfloat-abi=hard -mthumb -Wl,--start-group -lc -lm -Wl,--end-group
Finished building target: 4-GPIO_Input_Output_Library.elf
 
arm-none-eabi-size   4-GPIO_Input_Output_Library.elf 
arm-none-eabi-objdump -h -S  4-GPIO_Input_Output_Library.elf  > "4-GPIO_Input_Output_Library.list"
   text	   data	    bss	    dec	    hex	filename
    656	      8	   1568	   2232	    8b8	4-GPIO_Input_Output_Library.elf
Finished building: default.size.stdout
 
Finished building: 4-GPIO_Input_Output_Library.list
 

14:10:49 Build Finished. 0 errors, 0 warnings. (took 10s.325ms)

