../Core/Src/main.c:35:5:main	8	static
../Core/Src/main.c:70:6:CAN_init	8	static
../Core/Src/main.c:97:6:CAN_TX	40	static
../Core/Src/main.c:133:6:CAN_RX	4	static
../Core/Src/main.c:139:6:CAN_Filter_Config	48	static
../Core/Src/main.c:160:6:HAL_CAN_TxMailbox0CompleteCallback	72	static
../Core/Src/main.c:169:6:HAL_CAN_TxMailbox1CompleteCallback	72	static
../Core/Src/main.c:178:6:HAL_CAN_TxMailbox2CompleteCallback	72	static
../Core/Src/main.c:187:6:HAL_CAN_RxFifo0MsgPendingCallback	104	static
../Core/Src/main.c:222:6:HAL_CAN_ErrorCallback	72	static
../Core/Src/main.c:231:6:TIMER6_Init	8	static
../Core/Src/main.c:243:6:LED_Manage_Output	16	static
../Core/Src/main.c:279:6:Send_Response	48	static
../Core/Src/main.c:303:6:SystemClock_Config	88	static
../Core/Src/main.c:351:13:MX_USART2_UART_Init	8	static
../Core/Src/main.c:384:13:MX_GPIO_Init	48	static
../Core/Src/main.c:439:6:HAL_TIM_PeriodElapsedCallback	48	static
../Core/Src/main.c:481:6:Error_Handler	4	static,ignoring_inline_asm
